
> caught-in-4k@1.0.0-genesis build
> webpack --mode production

node.exe : <s> [webpack.Progress] 0% 
At line:1 char:1
+ & "C:\Program Files\nodejs/node.exe" "C:\Program Files\nodejs/node_mo ...
+ ~~~~~~~~~~~~~~~~~~~~~~~~~~~~~~~~~~~~~~~~~~~~~~~~~~~~~~~~~~~~~~~~~~~~~
    + CategoryInfo          : NotSpecified: (<s> [webpack.Progress] 0% :String 
   ) [], RemoteException
    + FullyQualifiedErrorId : NativeCommandError
 

<s> [webpack.Progress] 1% setup before run
<s> [webpack.Progress] 1% setup before run NodeEnvironmentPlugin
<s> [webpack.Progress] 1% setup before run
<s> [webpack.Progress] 2% setup run
<s> [webpack.Progress] 2% setup run webpack-cli
<s> [webpack.Progress] 2% setup run
<s> [webpack.Progress] 4% setup normal module factory
<s> [webpack.Progress] 4% setup normal module factory
<s> [webpack.Progress] 5% setup context module factory
<s> [webpack.Progress] 5% setup context module factory
<s> [webpack.Progress] 6% setup before compile
<s> [webpack.Progress] 6% setup before compile ProgressPlugin
<s> [webpack.Progress] 6% setup before compile
<s> [webpack.Progress] 7% setup compile
<s> [webpack.Progress] 7% setup compile ExternalsPlugin
<s> [webpack.Progress] 7% setup compile
<s> [webpack.Progress] 8% setup compilation
<s> [webpack.Progress] 8% setup compilation GenerateSW
<s> [webpack.Progress] 8% setup compilation CopyPlugin
<s> [webpack.Progress] 8% setup compilation mini-css-extract-plugin
<s> [webpack.Progress] 8% setup compilation HtmlWebpackPlugin
<s> [webpack.Progress] 8% setup compilation ArrayPushCallbackChunkFormatPlugin
<s> [webpack.Progress] 8% setup compilation JsonpChunkLoadingPlugin
<s> [webpack.Progress] 8% setup compilation StartupChunkDependenciesPlugin
<s> [webpack.Progress] 8% setup compilation ImportScriptsChunkLoadingPlugin
<s> [webpack.Progress] 8% setup compilation WorkerPlugin
<s> [webpack.Progress] 8% setup compilation SplitChunksPlugin
<s> [webpack.Progress] 8% setup compilation ResolverCachePlugin
<s> [webpack.Progress] 8% setup compilation
<s> [webpack.Progress] 9% setup compilation
<s> [webpack.Progress] 9% setup compilation ProgressPlugin
<s> [webpack.Progress] 9% setup compilation DefinePlugin
<s> [webpack.Progress] 9% setup compilation ProvidePlugin
<s> [webpack.Progress] 9% setup compilation mini-css-extract-plugin
<s> [webpack.Progress] 9% setup compilation ChunkPrefetchPreloadPlugin
<s> [webpack.Progress] 9% setup compilation SourceMapDevToolPlugin
<s> [webpack.Progress] 9% setup compilation JavascriptModulesPlugin
<s> [webpack.Progress] 9% setup compilation JsonModulesPlugin
<s> [webpack.Progress] 9% setup compilation AssetModulesPlugin
<s> [webpack.Progress] 9% setup compilation EntryPlugin
<s> [webpack.Progress] 9% setup compilation EntryPlugin
<s> [webpack.Progress] 9% setup compilation RuntimePlugin
<s> [webpack.Progress] 9% setup compilation InferAsyncModulesPlugin
<s> [webpack.Progress] 9% setup compilation DataUriPlugin
<s> [webpack.Progress] 9% setup compilation FileUriPlugin
<s> [webpack.Progress] 9% setup compilation CompatibilityPlugin
<s> [webpack.Progress] 9% setup compilation HarmonyModulesPlugin
<s> [webpack.Progress] 9% setup compilation AMDPlugin
<s> [webpack.Progress] 9% setup compilation RequireJsStuffPlugin
<s> [webpack.Progress] 9% setup compilation CommonJsPlugin
<s> [webpack.Progress] 9% setup compilation LoaderPlugin
<s> [webpack.Progress] 9% setup compilation LoaderPlugin
<s> [webpack.Progress] 9% setup compilation NodeStuffPlugin
<s> [webpack.Progress] 9% setup compilation APIPlugin
<s> [webpack.Progress] 9% setup compilation ExportsInfoApiPlugin
<s> [webpack.Progress] 9% setup compilation WebpackIsIncludedPlugin
<s> [webpack.Progress] 9% setup compilation ConstPlugin
<s> [webpack.Progress] 9% setup compilation UseStrictPlugin
<s> [webpack.Progress] 9% setup compilation RequireIncludePlugin
<s> [webpack.Progress] 9% setup compilation RequireEnsurePlugin
<s> [webpack.Progress] 9% setup compilation RequireContextPlugin
<s> [webpack.Progress] 9% setup compilation ImportPlugin
<s> [webpack.Progress] 9% setup compilation ImportMetaContextPlugin
<s> [webpack.Progress] 9% setup compilation SystemPlugin
<s> [webpack.Progress] 9% setup compilation ImportMetaPlugin
<s> [webpack.Progress] 9% setup compilation URLPlugin
<s> [webpack.Progress] 9% setup compilation DefaultStatsFactoryPlugin
<s> [webpack.Progress] 9% setup compilation DefaultStatsPresetPlugin
<s> [webpack.Progress] 9% setup compilation DefaultStatsPrinterPlugin
<s> [webpack.Progress] 9% setup compilation JavascriptMetaInfoPlugin
<s> [webpack.Progress] 9% setup compilation EnsureChunkConditionsPlugin
<s> [webpack.Progress] 9% setup compilation RemoveEmptyChunksPlugin
<s> [webpack.Progress] 9% setup compilation MergeDuplicateChunksPlugin
<s> [webpack.Progress] 9% setup compilation FlagIncludedChunksPlugin
<s> [webpack.Progress] 9% setup compilation SideEffectsFlagPlugin
<s> [webpack.Progress] 9% setup compilation FlagDependencyExportsPlugin
<s> [webpack.Progress] 9% setup compilation FlagDependencyUsagePlugin
<s> [webpack.Progress] 9% setup compilation InnerGraphPlugin
<s> [webpack.Progress] 9% setup compilation MangleExportsPlugin
<s> [webpack.Progress] 9% setup compilation ModuleConcatenationPlugin
<s> [webpack.Progress] 9% setup compilation NoEmitOnErrorsPlugin
<s> [webpack.Progress] 9% setup compilation RealContentHashPlugin
<s> [webpack.Progress] 9% setup compilation WasmFinalizeExportsPlugin
<s> [webpack.Progress] 9% setup compilation DeterministicModuleIdsPlugin
<s> [webpack.Progress] 9% setup compilation DeterministicChunkIdsPlugin
<s> [webpack.Progress] 9% setup compilation DefinePlugin
<s> [webpack.Progress] 9% setup compilation TerserPlugin
<s> [webpack.Progress] 9% setup compilation TemplatedPathPlugin
<s> [webpack.Progress] 9% setup compilation RecordIdsPlugin
<s> [webpack.Progress] 9% setup compilation WarnCaseSensitiveModulesPlugin
<s> [webpack.Progress] 9% setup compilation
<s> [webpack.Progress] 10% building
<s> [webpack.Progress] 10% building 0/1 entries 0/0 dependencies 0/0 modules
<s> [webpack.Progress] 10% building 0/2 entries 1/2 dependencies 0/0 modules
<s> [webpack.Progress] 10% building 0/2 entries 3/8 dependencies 0/2 modules
<s> [webpack.Progress] 10% building import loader 
./node_modules/thread-loader/dist/cjs.js
<s> [webpack.Progress] 10% building import loader 
./node_modules/babel-loader/lib/index.js
<s> [webpack.Progress] 10% building 0/2 entries 5/12 dependencies 0/5 modules
<s> [webpack.Progress] 37% building 1/2 entries 23/23 dependencies 9/10 modules
<s> [webpack.Progress] 37% building 1/2 entries 23/24 dependencies 9/10 modules
<s> [webpack.Progress] 37% building 1/2 entries 99/101 dependencies 13/82 
modules
<s> [webpack.Progress] 37% building 1/2 entries 151/157 dependencies 88/100 
modules
<s> [webpack.Progress] 37% building import loader 
./node_modules/mini-css-extract-plugin/dist/loader.js
<s> [webpack.Progress] 37% building import loader 
./node_modules/css-loader/dist/cjs.js
<s> [webpack.Progress] 37% building import loader 
./node_modules/postcss-loader/dist/cjs.js
<s> [webpack.Progress] 37% building import loader 
./node_modules/less-loader/dist/cjs.js
<s> [webpack.Progress] 37% building 1/2 entries 155/157 dependencies 88/104 
modules
<s> [webpack.Progress] 37% building import loader 
./node_modules/ts-loader/index.js
<s> [webpack.Progress] 37% building 1/2 entries 158/158 dependencies 89/107 
modules
<s> [webpack.Progress] 37% building 1/2 entries 195/200 dependencies 94/124 
modules
<s> [webpack.Progress] 37% building 1/2 entries 231/231 dependencies 100/135 
modules
<s> [webpack.Progress] 37% building 1/2 entries 297/300 dependencies 107/187 
modules
<s> [webpack.Progress] 37% building 1/2 entries 396/400 dependencies 117/243 
modules
<s> [webpack.Progress] 37% building 1/2 entries 487/500 dependencies 128/271 
modules
<s> [webpack.Progress] 37% building 1/2 entries 562/600 dependencies 140/291 
modules
<s> [webpack.Progress] 37% building 1/2 entries 661/700 dependencies 143/327 
modules
<s> [webpack.Progress] 37% building 1/2 entries 758/800 dependencies 147/361 
modules
<s> [webpack.Progress] 37% building 1/2 entries 800/848 dependencies 149/377 
modules
<s> [webpack.Progress] 37% building 1/2 entries 873/900 dependencies 155/414 
modules
<s> [webpack.Progress] 37% building 1/2 entries 975/1000 dependencies 161/439 
modules
<s> [webpack.Progress] 37% building 1/2 entries 1073/1100 dependencies 176/466 
modules
<s> [webpack.Progress] 37% building 1/2 entries 1158/1172 dependencies 189/500 
modules
<s> [webpack.Progress] 37% building 1/2 entries 1270/1300 dependencies 236/525 
modules
<s> [webpack.Progress] 37% building 1/2 entries 1400/1476 dependencies 255/561 
modules
<s> [webpack.Progress] 37% building 1/2 entries 1513/1549 dependencies 265/600 
modules
<s> [webpack.Progress] 37% building 1/2 entries 1600/1618 dependencies 278/633 
modules
<s> [webpack.Progress] 37% building 1/2 entries 1657/1700 dependencies 298/646 
modules
<s> [webpack.Progress] 37% building 1/2 entries 1750/1800 dependencies 308/685 
modules
<s> [webpack.Progress] 37% building 1/2 entries 1864/1900 dependencies 320/714 
modules
<s> [webpack.Progress] 37% building 1/2 entries 1989/2000 dependencies 342/754 
modules
<s> [webpack.Progress] 37% building 1/2 entries 2077/2100 dependencies 369/778 
modules
<s> [webpack.Progress] 37% building 1/2 entries 2128/2135 dependencies 390/800 
modules
<s> [webpack.Progress] 37% building 1/2 entries 2171/2200 dependencies 431/811 
modules
<s> [webpack.Progress] 37% building 1/2 entries 2271/2300 dependencies 486/842 
modules
<s> [webpack.Progress] 37% building 1/2 entries 2374/2400 dependencies 542/864 
modules
<s> [webpack.Progress] 37% building 1/2 entries 2469/2500 dependencies 598/895 
modules
<s> [webpack.Progress] 37% building 1/2 entries 2592/2600 dependencies 643/928 
modules
<s> [webpack.Progress] 37% building 1/2 entries 2767/2778 dependencies 700/963 
modules
<s> [webpack.Progress] 37% building 1/2 entries 2866/2900 dependencies 775/983 
modules
<s> [webpack.Progress] 37% building 1/2 entries 2916/2924 dependencies 800/992 
modules
<s> [webpack.Progress] 37% building 1/2 entries 2948/2952 dependencies 
813/1000 modules
<s> [webpack.Progress] 37% building 1/2 entries 3059/3059 dependencies 
900/1029 modules
<s> [webpack.Progress] 37% building 1/2 entries 3078/3100 dependencies 
916/1031 modules
<s> [webpack.Progress] 37% building 1/2 entries 3149/3149 dependencies 
1000/1054 modules
<s> [webpack.Progress] 65% building 2/2 entries 3180/3180 dependencies 
1064/1064 modules
<s> [webpack.Progress] 65% building
<s> [webpack.Progress] 69% building finish
<s> [webpack.Progress] 69% building finish
<s> [webpack.Progress] 70% sealing finish module graph
<s> [webpack.Progress] 70% sealing finish module graph ResolverCachePlugin
<s> [webpack.Progress] 70% sealing finish module graph InferAsyncModulesPlugin
<s> [webpack.Progress] 70% sealing finish module graph 
FlagDependencyExportsPlugin
<s> [webpack.Progress] 70% sealing finish module graph InnerGraphPlugin
<s> [webpack.Progress] 70% sealing finish module graph 
WasmFinalizeExportsPlugin
<s> [webpack.Progress] 70% sealing finish module graph
<s> [webpack.Progress] 70% sealing plugins
<s> [webpack.Progress] 70% sealing plugins WarnCaseSensitiveModulesPlugin
<s> [webpack.Progress] 70% sealing plugins
<s> [webpack.Progress] 71% sealing dependencies optimization
<s> [webpack.Progress] 71% sealing dependencies optimization 
SideEffectsFlagPlugin
<s> [webpack.Progress] 71% sealing dependencies optimization 
FlagDependencyUsagePlugin
<s> [webpack.Progress] 71% sealing dependencies optimization
<s> [webpack.Progress] 71% sealing after dependencies optimization
<s> [webpack.Progress] 71% sealing after dependencies optimization
<s> [webpack.Progress] 72% sealing chunk graph
<s> [webpack.Progress] 72% sealing chunk graph
<s> [webpack.Progress] 73% sealing after chunk graph
<s> [webpack.Progress] 73% sealing after chunk graph
<s> [webpack.Progress] 73% sealing optimizing
<s> [webpack.Progress] 73% sealing optimizing
<s> [webpack.Progress] 74% sealing module optimization
<s> [webpack.Progress] 74% sealing module optimization
<s> [webpack.Progress] 75% sealing after module optimization
<s> [webpack.Progress] 75% sealing after module optimization
<s> [webpack.Progress] 75% sealing chunk optimization
<s> [webpack.Progress] 75% sealing chunk optimization 
EnsureChunkConditionsPlugin
<s> [webpack.Progress] 75% sealing chunk optimization RemoveEmptyChunksPlugin
<s> [webpack.Progress] 75% sealing chunk optimization 
MergeDuplicateChunksPlugin
<s> [webpack.Progress] 75% sealing chunk optimization SplitChunksPlugin
<s> [webpack.Progress] 75% sealing chunk optimization RemoveEmptyChunksPlugin
<s> [webpack.Progress] 75% sealing chunk optimization
<s> [webpack.Progress] 76% sealing after chunk optimization
<s> [webpack.Progress] 76% sealing after chunk optimization
<s> [webpack.Progress] 77% sealing module and chunk tree optimization
<s> [webpack.Progress] 77% sealing module and chunk tree optimization 
PersistentChildCompilerSingletonPlugin
<s> [webpack.Progress] 77% sealing module and chunk tree optimization
<s> [webpack.Progress] 77% sealing after module and chunk tree optimization
<s> [webpack.Progress] 77% sealing after module and chunk tree optimization
<s> [webpack.Progress] 78% sealing chunk modules optimization
<s> [webpack.Progress] 78% sealing chunk modules optimization 
ModuleConcatenationPlugin
<s> [webpack.Progress] 78% sealing chunk modules optimization
<s> [webpack.Progress] 78% sealing after chunk modules optimization
<s> [webpack.Progress] 78% sealing after chunk modules optimization
<s> [webpack.Progress] 79% sealing module reviving
<s> [webpack.Progress] 79% sealing module reviving RecordIdsPlugin
<s> [webpack.Progress] 79% sealing module reviving
<s> [webpack.Progress] 80% sealing before module ids
<s> [webpack.Progress] 80% sealing before module ids
<s> [webpack.Progress] 80% sealing module ids
<s> [webpack.Progress] 80% sealing module ids DeterministicModuleIdsPlugin
<s> [webpack.Progress] 80% sealing module ids
<s> [webpack.Progress] 81% sealing module id optimization
<s> [webpack.Progress] 81% sealing module id optimization
<s> [webpack.Progress] 82% sealing module id optimization
<s> [webpack.Progress] 82% sealing module id optimization
<s> [webpack.Progress] 82% sealing chunk reviving
<s> [webpack.Progress] 82% sealing chunk reviving RecordIdsPlugin
<s> [webpack.Progress] 82% sealing chunk reviving
<s> [webpack.Progress] 83% sealing before chunk ids
<s> [webpack.Progress] 83% sealing before chunk ids
<s> [webpack.Progress] 84% sealing chunk ids
<s> [webpack.Progress] 84% sealing chunk ids DeterministicChunkIdsPlugin
<s> [webpack.Progress] 84% sealing chunk ids
<s> [webpack.Progress] 84% sealing chunk id optimization
<s> [webpack.Progress] 84% sealing chunk id optimization 
FlagIncludedChunksPlugin
<s> [webpack.Progress] 84% sealing chunk id optimization
<s> [webpack.Progress] 85% sealing after chunk id optimization
<s> [webpack.Progress] 85% sealing after chunk id optimization
<s> [webpack.Progress] 87% sealing module hashing
<s> [webpack.Progress] 87% sealing module hashing
<s> [webpack.Progress] 87% sealing code generation
<s> [webpack.Progress] 87% sealing code generation
<s> [webpack.Progress] 88% sealing runtime requirements
<s> [webpack.Progress] 88% sealing runtime requirements
<s> [webpack.Progress] 89% sealing hashing
<s> [webpack.Progress] 89% sealing hashing
<s> [webpack.Progress] 89% sealing after hashing
<s> [webpack.Progress] 89% sealing after hashing
<s> [webpack.Progress] 91% sealing module assets processing
<s> [webpack.Progress] 91% sealing module assets processing
<s> [webpack.Progress] 91% sealing chunk assets processing
<s> [webpack.Progress] 91% sealing chunk assets processing
<s> [webpack.Progress] 92% sealing asset processing
<s> [webpack.Progress] 92% sealing asset processing copy-webpack-plugin
<s> [webpack.Progress] 92% sealing asset processing 
PersistentChildCompilerSingletonPlugin
<s> [webpack.Progress] 92% sealing asset processing TerserPlugin
<s> [webpack.Progress] 92% sealing asset processing SourceMapDevToolPlugin
<s> [webpack.Progress] 92% sealing asset processing SourceMapDevToolPlugin
<s> [webpack.Progress] 92% sealing asset processing SourceMapDevToolPlugin 
17b65ac331236bfbf77b13b46bcca59c548577a3/styles/main.css generate SourceMap
<s> [webpack.Progress] 92% sealing asset processing SourceMapDevToolPlugin 
17b65ac331236bfbf77b13b46bcca59c548577a3/styles/main.css generated SourceMap
<s> [webpack.Progress] 92% sealing asset processing SourceMapDevToolPlugin 
17b65ac331236bfbf77b13b46bcca59c548577a3/scripts/main.js generate SourceMap
